[2025-10-27 17:07:25,073] INFO:evb1000.12: 12.evb1000 < b'[samul 1]Slots: -iaPR$.oL`$TUHRJ,ul_DujnX'
[2025-10-27 17:07:25,073] INFO:evb1000.111: 111.evb1000 < b"[samul 1]Slots: -ia\\V%G1pd#!Tgf!'A=''EJJ+)[7)Y(B=F8"
[2025-10-27 17:07:25,074] INFO:evb1000.19: 19.evb1000 < b'[samul 1]Slots: -iaJP#M9:^%Cne,L;ASZ"i(*<'
[2025-10-27 17:07:25,075] INFO:evb1000.101: 101.evb1000 < b"[samul 1]Slots: -iaYU$l6WD!(G$Q'Hn#T@)Ch'huE`W"
[2025-10-27 17:07:25,075] INFO:evb1000.30: 30.evb1000 < b'[samul 1]Slots: -iaVT$eP^b#e<2%J04i.(gI&Gz'
[2025-10-27 17:07:25,075] INFO:evb1000.145: 145.evb1000 < b"[samul 1]Slots: -iabX%i2rG!%5nh'EAD*&;J#T^]hLR"
[2025-10-27 17:07:25,076] INFO:evb1000.13: 13.evb1000 < b'[samul 1]Slots: -iaMQ#hTC_%!b)>J2Rfg!%n6O'
[2025-10-27 17:07:25,076] INFO:evb1000.150: 150.evb1000 < b'[samul 1]Slots: -ia\\V%G1pd#!"pMJ0>1b)[7)Y(B=F8'
[2025-10-27 17:07:25,076] INFO:evb1000.137: 137.evb1000 < b'[samul 1]Slots: -iaeY&D.6g!dR$R!!N?h&;2qM/c[L(z'
[2025-10-27 17:07:25,077] INFO:evb1000.109: 109.evb1000 < b"[samul 1]Slots: -iaYU%+kgc#C/Q9J0>1c@)Ch'huE`W"
[2025-10-27 17:07:25,077] INFO:evb1000.105: 105.evb1000 < b"[samul 1]Slots: -iaYU%+kgc#C/Q9J3aH.@)Ch'huE`W"
[2025-10-27 17:07:25,077] INFO:evb1000.134: 134.evb1000 < b'[samul 1]Slots: -iaeY&D.6g!dR$4J05+a&;2qM/c[L(z'
[2025-10-27 17:07:25,078] INFO:evb1000.33: 33.evb1000 < b'[samul 1]Slots: -iaVT$eP^b#e<>)J05,6(gI&Gz'
[2025-10-27 17:07:25,078] INFO:evb1000.139: 139.evb1000 < b'[samul 1]Slots: -iabX&(h-f"1^Z>!!NWp&;J#T^]hLR'
[2025-10-27 17:07:25,078] INFO:evb1000.146: 146.evb1000 < b'[samul 1]Slots: -iabX&(h-f"2;Q9!%5nh\'EAD*&;J#T^]hLR'
[2025-10-27 17:07:25,078] INFO:evb1000.29: 29.evb1000 < b'[samul 1]Slots: -iaVT$PpNC!)L`<!!"E`(gI&Gz'
[2025-10-27 17:07:25,079] INFO:evb1000.124: 124.evb1000 < b'[samul 1]Slots: -iahZ&_I?h!BECHJ,oWO&-O,[@;l6dz'
[2025-10-27 17:07:25,079] INFO:evb1000.144: 144.evb1000 < b'[samul 1]Slots: -iabX&(h-f"1^YuJ3XB,&;J#T^]hLR'
[2025-10-27 17:07:25,079] INFO:evb1000.36: 36.evb1000 < b'[samul 1]Slots: -iaSS$J5Ua$2HgfJ0>AS$\\/V8z'
[2025-10-27 17:07:25,080] INFO:evb1000.129: 129.evb1000 < b'[samul 1]Slots: -iabX&(h-f"1^f$KE2?F&;J#T^]hLR'
[2025-10-27 17:07:25,080] INFO:evb1000.148: 148.evb1000 < b'[samul 1]Slots: -ia_W%MliF!&;V=\'EJJ+&D/\\H!4W"/'
[2025-10-27 17:07:25,080] INFO:evb1000.110: 110.evb1000 < b'[samul 1]Slots: -ia\\V%G1pd#!"pMJ,opB)[7)Y(B=F8'
[2025-10-27 17:07:25,081] INFO:evb1000.106: 106.evb1000 < b"[samul 1]Slots: -iaYU%+kgc#C/W;L`m$k@)Ch'huE`W"
[2025-10-27 17:07:25,081] INFO:evb1000.2: 2.evb1000 < b'[samul 1]Slots: -iaSS$J5Ua$2HsjJ0>)K$\\/V8z'
[2025-10-27 17:07:25,081] INFO:evb1000.133: 133.evb1000 < b'[samul 1]Slots: -iaeY&D.6g!e.pM!$02`J05+a&;2qM/c[L(z'
[2025-10-27 17:07:25,082] INFO:evb1000.142: 142.evb1000 < b'[samul 1]Slots: -iabX&(h-f"1^YuJ,fjA&;J#T^]hLR'
[2025-10-27 17:07:25,082] INFO:evb1000.143: 143.evb1000 < b'[samul 1]Slots: -iabX&(h-f"2;Q9!%5nh\'EAD*&;J#T^]hLR'
[2025-10-27 17:07:25,082] INFO:evb1000.147: 147.evb1000 < b"[samul 1]Slots: -iabX%i2rG!%5nh'EAD*&;J#T^]hLR"
[2025-10-27 17:07:25,082] INFO:evb1000.35: 35.evb1000 < b'[samul 1]Slots: -iaSS$J5Ua$2HgfJ0>AS$\\/V8z'
[2025-10-27 17:07:25,083] INFO:evb1000.104: 104.evb1000 < b"[samul 1]Slots: -iaYU%+kgc#C/Q9J3a`6@)Ch'huE`W"
[2025-10-27 17:07:25,083] INFO:evb1000.6: 6.evb1000 < b'[samul 1]Slots: -iaPR$.oL`$TUHRJ3^>IDujnX'
[2025-10-27 17:07:25,083] INFO:evb1000.151: 151.evb1000 < b'[samul 1]Slots: -ia\\V%G1pd#!"pMJ0>1b)[7)Y(B=F8'
[2025-10-27 17:07:25,084] INFO:evb1000.5: 5.evb1000 < b'[samul 1]Slots: -iaSS$J5Ua$2HgfJ,fb*$\\/V8z'
[2025-10-27 17:07:25,084] INFO:evb1000.135: 135.evb1000 < b'[samul 1]Slots: -iaeY&D.6g!dR$4J05+a&;2qM/c[L(z'
[2025-10-27 17:07:25,084] INFO:evb1000.32: 32.evb1000 < b'[samul 1]Slots: -iaVT$eP^b#e<2%J0>J?(gI&Gz'
[2025-10-27 17:07:25,084] INFO:evb1000.125: 125.evb1000 < b'[samul 1]Slots: -iaeY&D.6g!dR$4J05+a&;2qM/c[L(z'
[2025-10-27 17:07:25,085] INFO:evb1000.14: 14.evb1000 < b'[samul 1]Slots: -iaPR$.oL`$TPQr!!@+9!26W*DujnX'
[2025-10-27 17:07:25,085] INFO:evb1000.123: 123.evb1000 < b'[samul 1]Slots: -iahZ&_I?h!BECHJ,oWO&-O,[@;l6dz'
[2025-10-27 17:07:25,085] INFO:evb1000.28: 28.evb1000 < b'[samul 1]Slots: -iaVT$eP^b#e<2C!!N@=(gI&Gz'
[2025-10-27 17:07:25,085] INFO:evb1000.24: 24.evb1000 < b'[samul 1]Slots: -iaSS$J5Ua$2Hh/!!Nga$\\/V8z'
[2025-10-27 17:07:25,086] INFO:evb1000.119: 119.evb1000 < b'[samul 1]Slots: -iahZ&L[]W"JH,g&qhR8@;l6dz'
[2025-10-27 17:07:25,086] INFO:evb1000.26: 26.evb1000 < b'[samul 1]Slots: -iaSS$J5Ua$2HgfJ,g%2$\\/V8z'
[2025-10-27 17:07:25,086] INFO:evb1000.17: 17.evb1000 < b'[samul 1]Slots: -iaMQ#hTC_%!b)>J2Rfg!%n6O'
[2025-10-27 17:07:25,086] INFO:evb1000.130: 130.evb1000 < b'[samul 1]Slots: -iabX&(h-f"1^`"KE2?F&;J#T^]hLR'
[2025-10-27 17:07:25,087] INFO:evb1000.141: 141.evb1000 < b'[samul 1]Slots: -iabX&(h-f"1^Z>!!NWp&;J#T^]hLR'
[2025-10-27 17:07:25,087] INFO:evb1000.16: 16.evb1000 < b"[samul 1]Slots: -iaMQ#St3@!,]k$'K-@P!%n6O"
[2025-10-27 17:07:25,087] INFO:evb1000.27: 27.evb1000 < b"[samul 1]Slots: -iaVT$PpNC!)L`;'EA,L(gI&Gz"
[2025-10-27 17:07:25,087] INFO:evb1000.15: 15.evb1000 < b"[samul 1]Slots: -iaMQ#St3@!,]k$'K-@P!%n6O"
[2025-10-27 17:07:25,088] INFO:evb1000.152: 152.evb1000 < b'[samul 1]Slots: -ia\\V%G1pd#!"pMJ0>1b)[7)Y(B=F8'
[2025-10-27 17:07:25,088] INFO:evb1000.9: 9.evb1000 < b'[samul 1]Slots: -iaPR$.oL`$TUHRJ-)r`DujnX'
[2025-10-27 17:07:25,088] INFO:evb1000.11: 11.evb1000 < b"[samul 1]Slots: -iaPR#o:<A!+X.o'EPFHDujnX"
[2025-10-27 17:07:25,089] INFO:evb1000.118: 118.evb1000 < b'[samul 1]Slots: -iahZ&_I?h!BEIJKE2>[&-O,[@;l6dz'
[2025-10-27 17:07:25,089] INFO:evb1000.100: 100.evb1000 < b"[samul 1]Slots: -iaYU%+kgc#C/Q9J0=n[@)Ch'huE`W"
[2025-10-27 17:07:25,089] INFO:evb1000.8: 8.evb1000 < b'[samul 1]Slots: -iaPR$.oL`$TUHRJ,lf^DujnX'
[2025-10-27 17:07:25,089] INFO:evb1000.136: 136.evb1000 < b"[samul 1]Slots: -iaeY&/N&H!$03)'L2Xb&;2qM/c[L(z"
[2025-10-27 17:07:25,090] INFO:evb1000.1: 1.evb1000 < b'[samul 1]Slots: -iaPR$.oL`$TUNTKHRL-DujnX'
[2025-10-27 17:07:25,090] INFO:evb1000.103: 103.evb1000 < b"[samul 1]Slots: -iaYU%+kgc#CaHR!(G$Q'Hm`L@)Ch'huE`W"
[2025-10-27 17:07:25,090] INFO:evb1000.107: 107.evb1000 < b"[samul 1]Slots: -iaYU%+kgc#C/Q9J0>1c@)Ch'huE`W"
[2025-10-27 17:07:25,091] INFO:evb1000.149: 149.evb1000 < b'[samul 1]Slots: -iabX&(h-f"2;Q9!%7IA!!/*V!2\'Ta&;J#T^]hLR'
[2025-10-27 17:07:25,091] INFO:evb1000.4: 4.evb1000 < b'[samul 1]Slots: -iaSS$J5Ua$2HgfJ0>)K$\\/V8z'
[2025-10-27 17:07:25,091] INFO:evb1000.18: 18.evb1000 < b'[samul 1]Slots: -iaJP#M9:^%Cne,L;ASZ"i(*<'
[2025-10-27 17:07:25,092] INFO:evb1000.102: 102.evb1000 < b"[samul 1]Slots: -iaYU%+kgc#C/Q9J0>1c@)Ch'huE`W"
[2025-10-27 17:07:25,092] INFO:evb1000.3: 3.evb1000 < b'[samul 1]Slots: -iaSS$J5Ua$3%_*!*RGf!$NqH$\\/V8z'
[2025-10-27 17:07:25,092] INFO:evb1000.128: 128.evb1000 < b'[samul 1]Slots: -iaeY&D.6g!dR$4J05+a&;2qM/c[L(z'
[2025-10-27 17:07:25,092] INFO:evb1000.121: 121.evb1000 < b'[samul 1]Slots: -iahZ&_I?h!BEIJL]Ib_&-O,[@;l6dz'
[2025-10-27 17:07:25,093] INFO:evb1000.7: 7.evb1000 < b'[samul 1]Slots: -iaSS$J5Ua$2HgfJ,fb*$\\/V8z'
[2025-10-27 17:07:25,093] INFO:evb1000.131: 131.evb1000 < b'[samul 1]Slots: -iaeY&D.6g!dR$4J05+a&;2qM/c[L(z'
[2025-10-27 17:07:25,093] INFO:evb1000.153: 153.evb1000 < b'[samul 1]Slots: -ia\\V%G1pd#!"pMJ0>1b)[7)Y(B=F8'
[2025-10-27 17:07:25,093] INFO:evb1000.10: 10.evb1000 < b'[samul 1]Slots: -iaPR$.oL`$TUHRJ3gDJDujnX'
[2025-10-27 17:07:25,094] INFO:evb1000.138: 138.evb1000 < b'[samul 1]Slots: -iaeY&/N&H!$03)\'EA,"&;2qM/c[L(z'
[2025-10-27 17:07:25,094] INFO:evb1000.140: 140.evb1000 < b'[samul 1]Slots: -iabX&(h-f"1^YuJ,fjA&;J#T^]hLR'
[2025-10-27 17:07:25,094] INFO:evb1000.126: 126.evb1000 < b'[samul 1]Slots: -iaeY&D.6g!dR$4J05+a&;2qM/c[L(z'
[2025-10-27 17:07:25,095] INFO:evb1000.34: 34.evb1000 < b'[samul 1]Slots: -iaVT$eP^b#e<2%J0>27(gI&Gz'
[2025-10-27 17:07:25,095] INFO:evb1000.25: 25.evb1000 < b"[samul 1]Slots: -iaSS$J5Ua$3%_*!*RGe'EASp$\\/V8z"
[2025-10-27 17:07:25,096] INFO:evb1000.122: 122.evb1000 < b'[samul 1]Slots: -iahZ&_I?h!BECHJ,oWO&-O,[@;l6dz'
[2025-10-27 17:07:25,096] INFO:evb1000.132: 132.evb1000 < b'[samul 1]Slots: -iaeY&D.6g!dR$4J05+a&;2qM/c[L(z'
[2025-10-27 17:07:25,097] INFO:evb1000.127: 127.evb1000 < b'[samul 1]Slots: -iaeY&D.6g!dR$R!$qn;&;2qM/c[L(z'
[2025-10-27 17:07:25,097] INFO:evb1000.31: 31.evb1000 < b'[samul 1]Slots: -iaVT$eP^b#e<2%J3X+9(gI&Gz'
[2025-10-27 17:07:30,072] INFO:evb1000.118: 118.evb1000 < b'[samul 2]Slots: -iahZ&_I?h!BEIJKE2>[&-O,[@;l6dz'
[2025-10-27 17:07:30,073] INFO:evb1000.141: 141.evb1000 < b'[samul 2]Slots: -iabX&(h-f"1^f$L]@]I&;J#T^]hLR'
[2025-10-27 17:07:30,074] INFO:evb1000.9: 9.evb1000 < b'[samul 2]Slots: -iaSS$J5Ua$2HgfJ,oh+$\\/V8z'
[2025-10-27 17:07:30,074] INFO:evb1000.11: 11.evb1000 < b"[samul 2]Slots: -iaSS$5UEB!*RGe'L<Id$\\/V8z"
[2025-10-27 17:07:30,075] INFO:evb1000.140: 140.evb1000 < b'[samul 2]Slots: -iabX&(h-f"1^YuL]RiK&;J#T^]hLR'
[2025-10-27 17:07:30,075] INFO:evb1000.29: 29.evb1000 < b'[samul 2]Slots: -iaVT$eP^b#e<>)J,fjk(gI&Gz'
[2025-10-27 17:07:30,075] INFO:evb1000.8: 8.evb1000 < b'[samul 2]Slots: -iaSS$J5Ua$2HgfJ,p+3$\\/V8z'
[2025-10-27 17:07:30,076] INFO:evb1000.126: 126.evb1000 < b'[samul 2]Slots: -iaeY&D.6g!dR$4J05+a&;2qM/c[L(z'
[2025-10-27 17:07:30,076] INFO:evb1000.136: 136.evb1000 < b'[samul 2]Slots: -iaeY&D.6g!dR$4J3jf6&;2qM/c[L(z'
[2025-10-27 17:07:30,076] INFO:evb1000.105: 105.evb1000 < b"[samul 2]Slots: -ia\\V%G1pd#!#'QLd254)[7)Y(B=F8"
[2025-10-27 17:07:30,077] INFO:evb1000.103: 103.evb1000 < b"[samul 2]Slots: -ia\\V%G1pd#!#'QJ3jf6)[7)Y(B=F8"
[2025-10-27 17:07:30,077] INFO:evb1000.151: 151.evb1000 < b'[samul 2]Slots: -ia_W%bM$e"Sk@cKKof0&D/\\H!4W"/'
[2025-10-27 17:07:30,077] INFO:evb1000.10: 10.evb1000 < b'[samul 2]Slots: -iaSS$J5Ua$2HgfJ3a?k$\\/V8z'
[2025-10-27 17:07:30,078] INFO:evb1000.131: 131.evb1000 < b'[samul 2]Slots: -iaeY&D.6g!dR$R!$qn;&;2qM/c[L(z'
[2025-10-27 17:07:30,078] INFO:evb1000.121: 121.evb1000 < b'[samul 2]Slots: -iahZ&_I?h!BEOLL]Ib_&-O,[@;l6dz'
[2025-10-27 17:07:30,078] INFO:evb1000.18: 18.evb1000 < b'[samul 2]Slots: -iaJP#M9:^%Cne,L;ASZ"i(*<'
[2025-10-27 17:07:30,078] INFO:evb1000.128: 128.evb1000 < b'[samul 2]Slots: -iaeY&D.6g!dR$4J05+a&;2qM/c[L(z'
[2025-10-27 17:07:30,079] INFO:evb1000.3: 3.evb1000 < b'[samul 2]Slots: -iaSS$J5Ua$2HgfKHUeW$\\/V8z'
[2025-10-27 17:07:30,079] INFO:evb1000.7: 7.evb1000 < b'[samul 2]Slots: -iaVT$eP^b#e<2%J-$!m(gI&Gz'
[2025-10-27 17:07:30,080] INFO:evb1000.110: 110.evb1000 < b'[samul 2]Slots: -ia_W%bM$e"Sk:aJ,fR9&D/\\H!4W"/'
[2025-10-27 17:07:30,080] INFO:evb1000.119: 119.evb1000 < b'[samul 2]Slots: -iahZ&L[]W"JH,g&qhR8@;l6dz'
[2025-10-27 17:07:30,080] INFO:evb1000.153: 153.evb1000 < b'[samul 2]Slots: -ia_W%bM$e"Sk;*#R(K#&D/\\H!4W"/'
[2025-10-27 17:07:30,080] INFO:evb1000.130: 130.evb1000 < b'[samul 2]Slots: -iabX&(h-f"1^`"KE2?F&;J#T^]hLR'
[2025-10-27 17:07:30,081] INFO:evb1000.2: 2.evb1000 < b'[samul 2]Slots: -iaVT$eP^b#e<2%J,opl(gI&Gz'
[2025-10-27 17:07:30,081] INFO:evb1000.138: 138.evb1000 < b"[samul 2]Slots: -iaeY&D.6g!dM-T!!,8['EAD*&;2qM/c[L(z"
[2025-10-27 17:07:30,081] INFO:evb1000.102: 102.evb1000 < b'[samul 2]Slots: -ia\\V%G1pd#!"pk#UL$K)[7)Y(B=F8'
[2025-10-27 17:07:30,082] INFO:evb1000.104: 104.evb1000 < b"[samul 2]Slots: -ia\\V%G1pd#!#'o#UKaC)[7)Y(B=F8"
[2025-10-27 17:07:30,082] INFO:evb1000.6: 6.evb1000 < b'[samul 2]Slots: -iaVT$P9`J!!:GB\'L<"@(gI&Gz'
[2025-10-27 17:07:30,082] INFO:evb1000.26: 26.evb1000 < b'[samul 2]Slots: -iaVT$eP^b#e<>)J,fjk(gI&Gz'
[2025-10-27 17:07:30,083] INFO:evb1000.24: 24.evb1000 < b'[samul 2]Slots: -iaVT$eP^b#e<2C!(@00(gI&Gz'
[2025-10-27 17:07:30,083] INFO:evb1000.152: 152.evb1000 < b'[samul 2]Slots: -ia_W%bM$e"Sk:aL]@uQ&D/\\H!4W"/'
[2025-10-27 17:07:30,083] INFO:evb1000.30: 30.evb1000 < b"[samul 2]Slots: -iaYU$l6WD!(G$2#R(c,@)Ch'huE`W"
[2025-10-27 17:07:30,084] INFO:evb1000.132: 132.evb1000 < b'[samul 2]Slots: -iaeY&D.6g!dR$R!$qn;&;2qM/c[L(z'
[2025-10-27 17:07:30,084] INFO:evb1000.109: 109.evb1000 < b'[samul 2]Slots: -ia_W%bM$e"TH2%!&;V-\'HdBB&D/\\H!4W"/'
[2025-10-27 17:07:30,084] INFO:evb1000.127: 127.evb1000 < b'[samul 2]Slots: -iaeY&/N&H!$02`J0G7c&;2qM/c[L(z'
[2025-10-27 17:07:30,084] INFO:evb1000.13: 13.evb1000 < b'[samul 2]Slots: -iaPR$.oL`$TUTVJ0;()DujnX'
[2025-10-27 17:07:30,085] INFO:evb1000.27: 27.evb1000 < b"[samul 2]Slots: -iaYU$l6WD!(G$1'EA,#@)Ch'huE`W"
[2025-10-27 17:07:30,085] INFO:evb1000.25: 25.evb1000 < b"[samul 2]Slots: -iaVT$eP^b#en)>!)L`;'EADT(gI&Gz"
[2025-10-27 17:07:30,085] INFO:evb1000.34: 34.evb1000 < b"[samul 2]Slots: -iaYU%+kgc#C/Q9J,fjB@)Ch'huE`W"
[2025-10-27 17:07:30,086] INFO:evb1000.100: 100.evb1000 < b'[samul 2]Slots: -ia\\V%G1pd#!"pk!(?lS)[7)Y(B=F8'
[2025-10-27 17:07:30,086] INFO:evb1000.14: 14.evb1000 < b"[samul 2]Slots: -iaSS$5UEB!*RGE'EJAi$\\/V8z"
[2025-10-27 17:07:30,086] INFO:evb1000.33: 33.evb1000 < b"[samul 2]Slots: -iaYU%+kgc#C/Q9J,fjB@)Ch'huE`W"
[2025-10-27 17:07:30,087] INFO:evb1000.134: 134.evb1000 < b'[samul 2]Slots: -iaeY&D.6g!dR0V!$qn;&;2qM/c[L(z'
[2025-10-27 17:07:30,087] INFO:evb1000.32: 32.evb1000 < b"[samul 2]Slots: -iaYU%+kgc#C/Q9J-$!D@)Ch'huE`W"
[2025-10-27 17:07:30,087] INFO:evb1000.124: 124.evb1000 < b'[samul 2]Slots: -iahZ&_I?h!BECHJ,p2_&-O,[@;l6dz'
[2025-10-27 17:07:30,087] INFO:evb1000.5: 5.evb1000 < b'[samul 2]Slots: -iaVT$eP^b#e<2%J3aHW(gI&Gz'
[2025-10-27 17:07:30,088] INFO:evb1000.107: 107.evb1000 < b'[samul 2]Slots: -ia\\V%G1pd#!#!m"=4=?)[7)Y(B=F8'
[2025-10-27 17:07:30,088] INFO:evb1000.129: 129.evb1000 < b'[samul 2]Slots: -iabX&(h-f"1^f$KE2?F&;J#T^]hLR'
[2025-10-27 17:07:30,088] INFO:evb1000.19: 19.evb1000 < b'[samul 2]Slots: -iaJP#M9:^%Cne,L;ASZ"i(*<'
[2025-10-27 17:07:30,089] INFO:evb1000.148: 148.evb1000 < b'[samul 2]Slots: -iabX&(h-f"1^Z>!$qV3&;J#T^]hLR'
[2025-10-27 17:07:30,089] INFO:evb1000.1: 1.evb1000 < b'[samul 2]Slots: -iaSS$J5Ua$2HgfKHUeW$\\/V8z'
[2025-10-27 17:07:30,089] INFO:evb1000.106: 106.evb1000 < b'[samul 2]Slots: -ia\\V%G1pd#!#!OKHLOe)[7)Y(B=F8'
[2025-10-27 17:07:30,090] INFO:evb1000.142: 142.evb1000 < b'[samul 2]Slots: -iabX&(h-f"1^YuJ-$!C&;J#T^]hLR'
[2025-10-27 17:07:30,090] INFO:evb1000.143: 143.evb1000 < b"[samul 2]Slots: -iabX%i2rG!%5o#'LE'l&;J#T^]hLR"
[2025-10-27 17:07:30,090] INFO:evb1000.139: 139.evb1000 < b'[samul 2]Slots: -iabX&(h-f"1^YuL]RiK&;J#T^]hLR'
[2025-10-27 17:07:30,090] INFO:evb1000.4: 4.evb1000 < b'[samul 2]Slots: -iaVT$eP^b#e<2%J0>27(gI&Gz'
[2025-10-27 17:07:30,091] INFO:evb1000.101: 101.evb1000 < b'[samul 2]Slots: -ia\\V%G1pd#!"pMJ04hY)[7)Y(B=F8'
[2025-10-27 17:07:30,091] INFO:evb1000.31: 31.evb1000 < b"[samul 2]Slots: -iaYU%+kgc#C/QW!!NWq@)Ch'huE`W"
[2025-10-27 17:07:30,091] INFO:evb1000.146: 146.evb1000 < b'[samul 2]Slots: -iabX&(h-f"1^YuJ3XB,&;J#T^]hLR'
[2025-10-27 17:07:30,092] INFO:evb1000.150: 150.evb1000 < b'[samul 2]Slots: -ia_W%bM$e"Sk@cL]@]I&D/\\H!4W"/'
[2025-10-27 17:07:30,092] INFO:evb1000.15: 15.evb1000 < b'[samul 2]Slots: -iaSS$4sWI!!=9>!20RK$\\/V8z'
[2025-10-27 17:07:30,092] INFO:evb1000.147: 147.evb1000 < b'[samul 2]Slots: -iabX%i2rG!%5njJ04hY&;J#T^]hLR'
[2025-10-27 17:07:30,093] INFO:evb1000.144: 144.evb1000 < b'[samul 2]Slots: -iabX&(h-f"1^YuJ,fjA&;J#T^]hLR'
[2025-10-27 17:07:30,093] INFO:evb1000.125: 125.evb1000 < b'[samul 2]Slots: -iaeY&D.6g!dR$4J05+a&;2qM/c[L(z'
[2025-10-27 17:07:30,093] INFO:evb1000.36: 36.evb1000 < b'[samul 2]Slots: -iaVT$eP^b#e<2%J,opl(gI&Gz'
[2025-10-27 17:07:30,093] INFO:evb1000.122: 122.evb1000 < b'[samul 2]Slots: -iahZ&_I?h!BECHJ,oWO&-O,[@;l6dz'
[2025-10-27 17:07:30,094] INFO:evb1000.133: 133.evb1000 < b'[samul 2]Slots: -iaeY&D.6g!dR$4J05+a&;2qM/c[L(z'
[2025-10-27 17:07:30,094] INFO:evb1000.135: 135.evb1000 < b'[samul 2]Slots: -iaeY&D.6g!dR$4J05+a&;2qM/c[L(z'
[2025-10-27 17:07:30,094] INFO:evb1000.16: 16.evb1000 < b'[samul 2]Slots: -iaSS$5UEB!*RGF!!+[($\\/V8z'
[2025-10-27 17:07:30,095] INFO:evb1000.35: 35.evb1000 < b'[samul 2]Slots: -iaVT$eP^b#e<>)J,opl(gI&Gz'
[2025-10-27 17:07:30,095] INFO:evb1000.123: 123.evb1000 < b'[samul 2]Slots: -iahZ&_I?h!BECHJ,p2_&-O,[@;l6dz'
[2025-10-27 17:07:30,095] INFO:evb1000.28: 28.evb1000 < b"[samul 2]Slots: -iaYU%+kgc#C/]=J-#^<@)Ch'huE`W"
[2025-10-27 17:07:30,096] INFO:evb1000.17: 17.evb1000 < b"[samul 2]Slots: -iaPR#o:<A!+X.O'EG@GDujnX"
[2025-10-27 17:07:30,096] INFO:evb1000.12: 12.evb1000 < b'[samul 2]Slots: -iaSS$5UEB!*RGGJ,pC;$\\/V8z'
[2025-10-27 17:07:30,096] INFO:evb1000.149: 149.evb1000 < b'[samul 2]Slots: -iabX%i2rG!%5o3\'EA,"&;J#T^]hLR'
[2025-10-27 17:07:30,096] INFO:evb1000.111: 111.evb1000 < b'[samul 2]Slots: -ia_W%bM$e"Sk:aL]@EA&D/\\H!4W"/'
[2025-10-27 17:07:30,097] INFO:evb1000.137: 137.evb1000 < b'[samul 2]Slots: -iaeY&D.6g!dR0V!(@/[&;2qM/c[L(z'
[2025-10-27 17:07:30,097] INFO:evb1000.145: 145.evb1000 < b"[samul 2]Slots: -iabX%i2rG!%5nh'LE'l&;J#T^]hLR"
